<?xml version="1.0"?>
<link rel="stylesheet" nonce="random123" href="http://foo.cz"/>
