<?xml version="1.0"?>
<a href="?sort=url">
  <p>FIELD<span class="glyphicon glyphicon-triangle-bottom" aria-hidden="true"/></p>
</a>
