<?xml version="1.0"?>
<a href="?sort=url">
  <p>FIELD</p>
</a>
