<?xml version="1.0"?>
<nav xmlns:php="http://php.net/xsl" aria-label="pager"/>
