<?xml version="1.0"?>
<div xmlns:php="http://php.net/xsl" class="row">
  <div class="col-xs-2 col-xs-offset-10">
    <select id="per_page" class="form-control">
      <option value="?page=1&amp;per_page=1">1</option>
      <option value="?page=1&amp;per_page=2">2</option>
    </select>
  </div>
</div>
