<?xml version="1.0"?>
<meta foo="keywords" bar="foo"/>
