<?xml version="1.0"?>
<script nonce="random123" href="/var/www/foo.js"/>
