<?xml version="1.0"?>
<a href="?sort=foo">
  <p>FIELD</p>
</a>
