<?xml version="1.0"?>
<form method="POST" role="form" class="form-horizontal" action="/sign/up" name="up">
  <input type="hidden" name="_csrf_token" value="pr073ct10n"/>
  <div class="form-group">
    <div class="col-sm-5">
      <label for="email">Email</label>
      <input type="email" name="email" class="form-control" required="required"/>
    </div>
  </div>
  <div class="form-group">
    <div class="col-sm-5">
      <label for="password">Password</label>
      <input type="password" name="password" class="form-control" required="required"/>
    </div>
  </div>
  <div class="form-group">
    <div class="col-sm-5">
      <input type="submit" name="act" class="form-control" value="Register"/>
    </div>
  </div>
</form>
