<?xml version="1.0"?>
<form method="POST" role="form" class="form-horizontal" action="/" name="reset">
  <input type="hidden" name="_csrf_token" value="pr073ct10n"/>
  <div class="form-group">
    <div class="col-sm-5">
      <label for="password">New password</label>
      <input type="password" name="password" class="form-control" required="required"/>
    </div>
  </div>
  <input type="hidden" name="reminder" value="123reminder123"/>
  <div class="form-group">
    <div class="col-sm-5">
      <input type="submit" name="act" class="form-control" value="Change"/>
    </div>
  </div>
</form>
