<?xml version="1.0"?>
<meta name="keywords" content="foo"/>
