<?xml version="1.0"?>
<script nonce="random123" href="http://foo.cz"/>
