<?xml version="1.0"?>
<form id="delete" name="delete-666" method="POST" action="/subscription/delete">
  <input type="hidden" name="_csrf_token" value="pr073ct10n"/>
  <input type="hidden" name="id" value="666"/>
  <input type="submit"/>
</form>
